<html>
<body>
<pre>
<h1>礦ision Build Log</h1>
<h2>Project:</h2>
F:\电子智能\智能车\myCar\ZeNN-myCar-dev_kl26\myCar\project\myCar.uvprojx
Project File Date:  04/18/2016

<h2>Output:</h2>
Build target 'myCar'
linking...
Program Size: Code=33624 RO-data=3064 RW-data=452 ZI-data=3476  
".\Objects\myCar.axf" - 0 Error(s), 0 Warning(s).

<h2>Software Packages used:</h2>

Package Vendor: ARM
                http://www.keil.com/pack/ARM.CMSIS.3.20.4.pack
                ARM::CMSIS:CORE:3.20.0
                Cortex Microcontroller Software Interface Standard (CMSIS) CORE, DSP, RTOS, Driver
   * Component: CORE Version: 3.20.0

Package Vendor: Keil
                http://www.keil.com/pack/Keil.Kinetis_KLxx_DFP.1.6.0.pack
                Keil::Device:Startup:1.0.0
                Freescale Kinetis KLxx Series Device Support and Examples
   * Component: Startup Version: 1.0.0

<h2>Collection of Component include folders:</h2>
  F:\电子智能\智能车\myCar\ZeNN-myCar-dev_kl26\myCar\project\RTE
  D:\Keil_v5\ARM\PACK\ARM\CMSIS\3.20.4\CMSIS\Include
  D:\Keil_v5\ARM\PACK\Keil\Kinetis_KLxx_DFP\1.6.0\Device\Include

<h2>Collection of Component Files used:</h2>

   * Component: ARM::CMSIS:CORE:3.20.0

   * Component: Keil::Device:Startup:1.0.0
      Source file:   Device\Source\ARM\startup_MKL26Z4.s
      Source file:   Device\Source\system_MKL26Z4.c
Collection of Component Files used:</h2>

   * Component: ARM::CMSIS:CORE:3.20.0

   * Component: Keil::Device:Startup:1.0.0
      Source file:   Device\Source\ARM\startup_MKL26Z4.s
      Source file:   Device\Source\system_MKL26Z4.c
eescale Kinetis KLxx Series Device Support and Examples
   * Component: Startup Version: 1.0.0

<h2>Collection of Component include folders:</h2>
  F:\电子智能\智能车\myCar\ZeNN-myCar-dev_kl26\myCar\project\RTE
  D:\Keil_v5\ARM\PACK\ARM\CMSIS\3.20.4\CMSIS\Include
  D:\Keil_v5\ARM\PACK\Keil\Kinetis_KLxx_DFP\1.6.0\Device\Include

<h2>Collection of Component Files used:</h2>

   * Component: ARM::CMSIS:CORE:3.20.0

   * Component: Keil::Device:Startup:1.0.0
      Source file:   Device\Source\ARM\startup_MKL26Z4.s
      Source file:   Device\Source\system_MKL26Z4.c
Target not created
.0.0
      Source file:   Device\Source\ARM\startup_MKL26Z4.s
      Source file:   Device\Source\system_MKL26Z4.c
